Beginning manifold-optimization refinement
   Iteration     Total nfev        Cost      Cost reduction    Step norm     Optimality   
       0              1         4.8051e-02                                    1.59e+00    
Function evaluation failed for <bound method TargetSurfaceDeviation.residuals of <field_topology_optimizables.TargetSurfaceDeviation object at 0x338374e50>>
Function evaluation failed for <bound method TargetSurfaceDeviation.residuals of <field_topology_optimizables.TargetSurfaceDeviation object at 0x338374e50>>
Function evaluation failed for <bound method TargetSurfaceDeviation.residuals of <field_topology_optimizables.TargetSurfaceDeviation object at 0x338374e50>>
Function evaluation failed for <bound method TargetSurfaceDeviation.residuals of <field_topology_optimizables.TargetSurfaceDeviation object at 0x338374e50>>
       1              6         2.2723e-02      2.53e-02       1.28e-02       4.06e-01    
       2              7         6.5669e-03      1.62e-02       2.56e-02       9.43e-01    
       3              9         2.6299e-03      3.94e-03       1.28e-02       1.71e-01    
       4             11         2.0729e-03      5.57e-04       6.41e-03       1.05e-01    
       5             12         1.7282e-03      3.45e-04       6.41e-03       5.38e-02    
       6             14         1.6125e-03      1.16e-04       1.60e-03       1.41e-02    
       7             15         1.5332e-03      7.93e-05       1.60e-03       7.98e-03    
       8             16         1.4158e-03      1.17e-04       3.21e-03       9.03e-03    
       9             17         1.3877e-03      2.81e-05       6.41e-03       2.52e-02    
      10             18         1.2557e-03      1.32e-04       1.60e-03       9.23e-03    
      11             20         1.2370e-03      1.87e-05       8.01e-04       4.43e-03    
      12             21         1.2208e-03      1.63e-05       8.01e-04       4.76e-03    
      13             22         1.1956e-03      2.51e-05       1.60e-03       5.12e-03    
      14             23         1.1925e-03      3.17e-06       1.60e-03       1.01e-02    
      15             24         1.1755e-03      1.69e-05       4.01e-04       6.77e-03    
      16             25         1.1628e-03      1.27e-05       8.01e-04       3.74e-03    
      17             26         1.1524e-03      1.04e-05       8.01e-04       4.60e-03    
      18             27         1.1428e-03      9.60e-06       8.01e-04       3.80e-03    
      19             28         1.1340e-03      8.77e-06       8.01e-04       4.56e-03    
      20             29         1.1255e-03      8.58e-06       8.01e-04       3.73e-03    
      21             30         1.1176e-03      7.84e-06       8.01e-04       4.59e-03    
      22             31         1.1098e-03      7.79e-06       8.01e-04       3.85e-03    
      23             32         1.1028e-03      7.06e-06       8.01e-04       4.59e-03    
      24             33         1.0957e-03      7.11e-06       8.01e-04       3.96e-03    
      25             34         1.0893e-03      6.40e-06       8.01e-04       4.62e-03    
      26             35         1.0827e-03      6.56e-06       8.01e-04       4.27e-03    
      27             36         1.0768e-03      5.95e-06       8.01e-04       4.74e-03    
      28             37         1.0707e-03      6.07e-06       8.01e-04       4.16e-03    
      29             38         1.0653e-03      5.41e-06       8.01e-04       4.63e-03    
      30             39         1.0596e-03      5.64e-06       8.01e-04       4.17e-03    
      31             40         1.0547e-03      4.95e-06       8.01e-04       4.60e-03    
      32             41         1.0494e-03      5.27e-06       8.01e-04       4.20e-03    
      33             42         1.0449e-03      4.55e-06       8.01e-04       4.56e-03    
      34             43         1.0399e-03      4.94e-06       8.01e-04       4.22e-03    
      35             44         1.0357e-03      4.20e-06       8.01e-04       4.54e-03    
      36             45         1.0318e-03      3.89e-06       2.00e-04       3.05e-03    
      37             46         1.0280e-03      3.85e-06       4.01e-04       2.45e-03    
      38             47         1.0241e-03      3.87e-06       4.01e-04       2.82e-03    
      39             48         1.0182e-03      5.88e-06       8.01e-04       3.34e-03    
      40             49         1.0162e-03      2.01e-06       8.01e-04       4.87e-03    
      41             50         1.0120e-03      4.19e-06       2.00e-04       3.31e-03    
      42             51         1.0084e-03      3.60e-06       4.01e-04       2.34e-03    
      43             52         1.0050e-03      3.44e-06       4.01e-04       2.54e-03    
      44             53         1.0017e-03      3.34e-06       4.01e-04       2.32e-03    
      45             54         9.9842e-04      3.24e-06       4.01e-04       2.47e-03    
      46             55         9.9527e-04      3.16e-06       4.01e-04       2.31e-03    
      47             56         9.9222e-04      3.05e-06       4.01e-04       2.36e-03    
      48             57         9.8924e-04      2.97e-06       4.01e-04       2.29e-03    
      49             58         9.8638e-04      2.87e-06       4.01e-04       2.27e-03    
      50             59         9.8357e-04      2.81e-06       4.01e-04       2.28e-03    
      51             60         9.8086e-04      2.71e-06       4.01e-04       2.25e-03    
      52             61         9.7818e-04      2.67e-06       4.01e-04       2.26e-03    
      53             62         9.7561e-04      2.58e-06       4.01e-04       2.20e-03    
      54             63         9.7306e-04      2.55e-06       4.01e-04       2.25e-03    
      55             64         9.7060e-04      2.46e-06       4.01e-04       2.20e-03    
      56             65         9.6816e-04      2.44e-06       4.01e-04       2.25e-03    
      57             66         9.6581e-04      2.35e-06       4.01e-04       2.21e-03    
      58             67         9.6347e-04      2.34e-06       4.01e-04       2.26e-03    
      59             68         9.6122e-04      2.25e-06       4.01e-04       2.21e-03    
      60             69         9.5898e-04      2.24e-06       4.01e-04       2.25e-03    
      61             70         9.5682e-04      2.16e-06       4.01e-04       2.22e-03    
      62             71         9.5466e-04      2.16e-06       4.01e-04       2.25e-03    
      63             72         9.5259e-04      2.07e-06       4.01e-04       2.22e-03    
      64             73         9.5051e-04      2.08e-06       4.01e-04       2.26e-03    
      65             74         9.4852e-04      1.99e-06       4.01e-04       2.21e-03    
      66             75         9.4652e-04      2.00e-06       4.01e-04       2.25e-03    
      67             76         9.4460e-04      1.92e-06       4.01e-04       2.21e-03    
      68             77         9.4267e-04      1.94e-06       4.01e-04       2.24e-03    
      69             78         9.4082e-04      1.85e-06       4.01e-04       2.21e-03    
      70             79         9.3895e-04      1.87e-06       4.01e-04       2.23e-03    
      71             80         9.3716e-04      1.79e-06       4.01e-04       2.21e-03    
      72             81         9.3535e-04      1.81e-06       4.01e-04       2.21e-03    
      73             82         9.3362e-04      1.73e-06       4.01e-04       2.21e-03    
      74             83         9.3187e-04      1.76e-06       4.01e-04       2.19e-03    
      75             84         9.3020e-04      1.67e-06       4.01e-04       2.21e-03    
      76             85         9.2849e-04      1.70e-06       4.01e-04       2.17e-03    
      77             86         9.2687e-04      1.62e-06       4.01e-04       2.21e-03    
      78             87         9.2522e-04      1.66e-06       4.01e-04       2.18e-03    
      79             88         9.2365e-04      1.57e-06       4.01e-04       2.22e-03    
      80             89         9.2204e-04      1.61e-06       4.01e-04       2.19e-03    
      81             90         9.2052e-04      1.52e-06       4.01e-04       2.23e-03    
      82             91         9.1895e-04      1.57e-06       4.01e-04       2.20e-03    
      83             92         9.1747e-04      1.48e-06       4.01e-04       2.24e-03    
      84             93         9.1595e-04      1.53e-06       4.01e-04       2.21e-03    
      85             94         9.1451e-04      1.44e-06       4.01e-04       2.26e-03    
      86             95         9.1302e-04      1.49e-06       4.01e-04       2.21e-03    
      87             96         9.1161e-04      1.40e-06       4.01e-04       2.26e-03    
      88             97         9.1016e-04      1.45e-06       4.01e-04       2.23e-03    
      89             98         9.0879e-04      1.36e-06       4.01e-04       2.26e-03    
      90             99         9.0737e-04      1.42e-06       4.01e-04       2.24e-03    
      91             100        9.0604e-04      1.33e-06       4.01e-04       2.26e-03    
      92             101        9.0465e-04      1.39e-06       4.01e-04       2.25e-03    
      93             102        9.0335e-04      1.30e-06       4.01e-04       2.26e-03    
      94             103        9.0200e-04      1.36e-06       4.01e-04       2.26e-03    
      95             104        9.0073e-04      1.26e-06       4.01e-04       2.26e-03    
      96             105        8.9939e-04      1.35e-06       4.01e-04       2.23e-03    
      97             106        8.9817e-04      1.22e-06       4.01e-04       2.26e-03    
      98             107        8.9687e-04      1.30e-06       4.01e-04       2.27e-03    
      99             108        8.9566e-04      1.20e-06       4.01e-04       2.27e-03    
      100            109        8.9439e-04      1.27e-06       4.01e-04       2.28e-03    
      101            110        8.9321e-04      1.18e-06       4.01e-04       2.27e-03    
      102            111        8.9197e-04      1.25e-06       4.01e-04       2.29e-03    
      103            112        8.9081e-04      1.15e-06       4.01e-04       2.28e-03    
      104            113        8.8983e-04      9.81e-07       1.00e-04       1.46e-03    
      105            114        8.8879e-04      1.04e-06       2.00e-04       1.38e-03    
      106            115        8.8771e-04      1.08e-06       2.00e-04       1.18e-03    
      107            116        8.8582e-04      1.89e-06       4.01e-04       1.56e-03    
      108            118        8.8478e-04      1.04e-06       2.00e-04       1.28e-03    
      109            119        8.8372e-04      1.06e-06       2.00e-04       1.34e-03    
      110            120        8.8189e-04      1.83e-06       4.01e-04       1.66e-03    
      111            122        8.8086e-04      1.03e-06       2.00e-04       1.35e-03    
      112            123        8.7982e-04      1.03e-06       2.00e-04       1.19e-03    
      113            124        8.7808e-04      1.75e-06       4.01e-04       1.61e-03    
      114            125        8.7735e-04      7.27e-07       4.01e-04       2.34e-03    
      115            126        8.7632e-04      1.03e-06       1.00e-04       1.56e-03    
      116            127        8.7533e-04      9.87e-07       2.00e-04       1.31e-03    
      117            128        8.7433e-04      9.97e-07       2.00e-04       1.19e-03    
      118            129        8.7272e-04      1.61e-06       4.01e-04       1.71e-03    
      119            130        8.7209e-04      6.28e-07       4.01e-04       2.38e-03    
      120            131        8.7105e-04      1.05e-06       1.00e-04       1.57e-03    
      121            132        8.7008e-04      9.66e-07       2.00e-04       1.28e-03    
      122            133        8.6912e-04      9.65e-07       2.00e-04       1.20e-03    
      123            134        8.6761e-04      1.50e-06       4.01e-04       1.78e-03    
      124            135        8.6706e-04      5.56e-07       4.01e-04       2.42e-03    
      125            136        8.6601e-04      1.05e-06       1.00e-04       1.56e-03    
      126            137        8.6506e-04      9.43e-07       2.00e-04       1.27e-03    
      127            138        8.6413e-04      9.33e-07       2.00e-04       1.21e-03    
      128            139        8.6275e-04      1.38e-06       4.01e-04       1.86e-03    
      129            140        8.6224e-04      5.08e-07       4.01e-04       2.45e-03    
      130            141        8.6119e-04      1.05e-06       1.00e-04       1.55e-03    
      131            142        8.6027e-04      9.19e-07       2.00e-04       1.30e-03    
      132            143        8.5937e-04      9.02e-07       2.00e-04       1.21e-03    
      133            144        8.5810e-04      1.26e-06       4.01e-04       1.94e-03    
      134            145        8.5761e-04      4.87e-07       4.01e-04       2.46e-03    
      135            146        8.5656e-04      1.05e-06       1.00e-04       1.53e-03    
      136            147        8.5567e-04      8.95e-07       2.00e-04       1.29e-03    
      137            148        8.5480e-04      8.73e-07       2.00e-04       1.22e-03    
      138            149        8.5393e-04      8.62e-07       2.00e-04       1.24e-03    
      139            150        8.5308e-04      8.57e-07       2.00e-04       1.24e-03    
      140            151        8.5223e-04      8.52e-07       2.00e-04       1.24e-03    
      141            152        8.5138e-04      8.45e-07       2.00e-04       1.24e-03    
      142            153        8.5054e-04      8.40e-07       2.00e-04       1.25e-03    
      143            154        8.4971e-04      8.33e-07       2.00e-04       1.25e-03    
      144            155        8.4888e-04      8.29e-07       2.00e-04       1.25e-03    
      145            156        8.4806e-04      8.22e-07       2.00e-04       1.25e-03    
      146            157        8.4724e-04      8.18e-07       2.00e-04       1.25e-03    
      147            158        8.4643e-04      8.11e-07       2.00e-04       1.25e-03    
      148            159        8.4562e-04      8.07e-07       2.00e-04       1.25e-03    
      149            160        8.4482e-04      8.00e-07       2.00e-04       1.26e-03    
      150            161        8.4403e-04      7.96e-07       2.00e-04       1.25e-03    
      151            162        8.4324e-04      7.89e-07       2.00e-04       1.26e-03    
      152            163        8.4245e-04      7.85e-07       2.00e-04       1.26e-03    
      153            164        8.4167e-04      7.78e-07       2.00e-04       1.26e-03    
      154            165        8.4090e-04      7.75e-07       2.00e-04       1.26e-03    
      155            166        8.4013e-04      7.68e-07       2.00e-04       1.27e-03    
      156            167        8.3937e-04      7.65e-07       2.00e-04       1.26e-03    
      157            168        8.3861e-04      7.58e-07       2.00e-04       1.27e-03    
      158            169        8.3785e-04      7.55e-07       2.00e-04       1.26e-03    
      159            170        8.3710e-04      7.48e-07       2.00e-04       1.27e-03    
      160            171        8.3636e-04      7.46e-07       2.00e-04       1.27e-03    
      161            172        8.3562e-04      7.39e-07       2.00e-04       1.27e-03    
      162            173        8.3488e-04      7.36e-07       2.00e-04       1.24e-03    
      163            174        8.3415e-04      7.29e-07       2.00e-04       1.27e-03    
      164            175        8.3343e-04      7.26e-07       2.00e-04       1.23e-03    
      165            176        8.3271e-04      7.19e-07       2.00e-04       1.27e-03    
      166            177        8.3199e-04      7.17e-07       2.00e-04       1.22e-03    
      167            178        8.3128e-04      7.10e-07       2.00e-04       1.28e-03    
      168            179        8.3057e-04      7.08e-07       2.00e-04       1.22e-03    
      169            180        8.2987e-04      7.01e-07       2.00e-04       1.28e-03    
      170            181        8.2917e-04      7.00e-07       2.00e-04       1.22e-03    
      171            182        8.2848e-04      6.93e-07       2.00e-04       1.28e-03    
      172            183        8.2779e-04      6.92e-07       2.00e-04       1.23e-03    
      173            184        8.2710e-04      6.85e-07       2.00e-04       1.28e-03    
      174            185        8.2642e-04      6.83e-07       2.00e-04       1.24e-03    
      175            186        8.2574e-04      6.76e-07       2.00e-04       1.28e-03    
      176            187        8.2507e-04      6.75e-07       2.00e-04       1.24e-03    
      177            188        8.2440e-04      6.67e-07       2.00e-04       1.28e-03    
      178            189        8.2373e-04      6.66e-07       2.00e-04       1.25e-03    
      179            190        8.2307e-04      6.59e-07       2.00e-04       1.28e-03    
      180            191        8.2242e-04      6.59e-07       2.00e-04       1.25e-03    
      181            192        8.2177e-04      6.51e-07       2.00e-04       1.28e-03    
      182            193        8.2111e-04      6.51e-07       2.00e-04       1.26e-03    
      183            194        8.2047e-04      6.44e-07       2.00e-04       1.28e-03    
      184            195        8.1983e-04      6.44e-07       2.00e-04       1.26e-03    
      185            196        8.1919e-04      6.37e-07       2.00e-04       1.28e-03    
      186            197        8.1855e-04      6.37e-07       2.00e-04       1.27e-03    
      187            198        8.1792e-04      6.29e-07       2.00e-04       1.28e-03    
      188            199        8.1730e-04      6.27e-07       2.00e-04       1.27e-03    
      189            200        8.1668e-04      6.19e-07       2.00e-04       1.28e-03    
      190            201        8.1606e-04      6.18e-07       2.00e-04       1.28e-03    
      191            202        8.1545e-04      6.10e-07       2.00e-04       1.28e-03    
      192            203        8.1484e-04      6.11e-07       2.00e-04       1.28e-03    
      193            204        8.1424e-04      6.03e-07       2.00e-04       1.28e-03    
      194            205        8.1363e-04      6.04e-07       2.00e-04       1.29e-03    
      195            206        8.1303e-04      5.97e-07       2.00e-04       1.28e-03    
      196            207        8.1244e-04      5.98e-07       2.00e-04       1.29e-03    
      197            208        8.1184e-04      5.91e-07       2.00e-04       1.28e-03    
      198            209        8.1125e-04      5.93e-07       2.00e-04       1.29e-03    
      199            210        8.1067e-04      5.86e-07       2.00e-04       1.28e-03    
      200            211        8.1008e-04      5.87e-07       2.00e-04       1.30e-03    
      201            212        8.0950e-04      5.80e-07       2.00e-04       1.28e-03    
      202            213        8.0892e-04      5.82e-07       2.00e-04       1.30e-03    
      203            214        8.0834e-04      5.74e-07       2.00e-04       1.28e-03    
      204            215        8.0777e-04      5.77e-07       2.00e-04       1.30e-03    
      205            216        8.0720e-04      5.70e-07       2.00e-04       1.28e-03    
      206            217        8.0662e-04      5.72e-07       2.00e-04       1.30e-03    
      207            218        8.0606e-04      5.65e-07       2.00e-04       1.28e-03    
      208            219        8.0549e-04      5.68e-07       2.00e-04       1.30e-03    
      209            220        8.0493e-04      5.60e-07       2.00e-04       1.28e-03    
      210            221        8.0437e-04      5.63e-07       2.00e-04       1.31e-03    
      211            222        8.0381e-04      5.56e-07       2.00e-04       1.29e-03    
      212            223        8.0325e-04      5.59e-07       2.00e-04       1.32e-03    
      213            224        8.0270e-04      5.51e-07       2.00e-04       1.29e-03    
      214            225        8.0215e-04      5.54e-07       2.00e-04       1.31e-03    
      215            226        8.0160e-04      5.47e-07       2.00e-04       1.28e-03    
      216            227        8.0105e-04      5.50e-07       2.00e-04       1.32e-03    
      217            228        8.0051e-04      5.42e-07       2.00e-04       1.28e-03    
      218            229        7.9996e-04      5.45e-07       2.00e-04       1.32e-03    
      219            230        7.9943e-04      5.38e-07       2.00e-04       1.28e-03    
      220            231        7.9888e-04      5.41e-07       2.00e-04       1.32e-03    
      221            232        7.9835e-04      5.34e-07       2.00e-04       1.28e-03    
      222            233        7.9781e-04      5.37e-07       2.00e-04       1.32e-03    
      223            234        7.9728e-04      5.29e-07       2.00e-04       1.28e-03    
      224            235        7.9675e-04      5.33e-07       2.00e-04       1.32e-03    
      225            236        7.9623e-04      5.25e-07       2.00e-04       1.28e-03    
      226            237        7.9570e-04      5.29e-07       2.00e-04       1.32e-03    
      227            238        7.9518e-04      5.21e-07       2.00e-04       1.28e-03    
      228            239        7.9465e-04      5.25e-07       2.00e-04       1.32e-03    
      229            240        7.9413e-04      5.17e-07       2.00e-04       1.28e-03    
      230            241        7.9361e-04      5.21e-07       2.00e-04       1.32e-03    
      231            242        7.9310e-04      5.13e-07       2.00e-04       1.28e-03    
      232            243        7.9258e-04      5.17e-07       2.00e-04       1.32e-03    
      233            244        7.9207e-04      5.09e-07       2.00e-04       1.28e-03    
      234            245        7.9156e-04      5.13e-07       2.00e-04       1.32e-03    
      235            246        7.9106e-04      5.06e-07       2.00e-04       1.28e-03    
      236            247        7.9055e-04      5.10e-07       2.00e-04       1.32e-03    
      237            248        7.9004e-04      5.02e-07       2.00e-04       1.28e-03    
      238            249        7.8954e-04      5.06e-07       2.00e-04       1.32e-03    
      239            250        7.8904e-04      4.98e-07       2.00e-04       1.28e-03    
      240            251        7.8854e-04      5.02e-07       2.00e-04       1.32e-03    
      241            252        7.8804e-04      4.94e-07       2.00e-04       1.27e-03    
      242            253        7.8754e-04      4.99e-07       2.00e-04       1.32e-03    
      243            254        7.8705e-04      4.91e-07       2.00e-04       1.27e-03    
      244            255        7.8656e-04      4.95e-07       2.00e-04       1.32e-03    
      245            256        7.8607e-04      4.87e-07       2.00e-04       1.27e-03    
      246            257        7.8558e-04      4.92e-07       2.00e-04       1.32e-03    
      247            258        7.8510e-04      4.84e-07       2.00e-04       1.27e-03    
      248            259        7.8461e-04      4.88e-07       2.00e-04       1.32e-03    
      249            260        7.8413e-04      4.81e-07       2.00e-04       1.27e-03    
      250            261        7.8364e-04      4.85e-07       2.00e-04       1.32e-03    
      251            262        7.8316e-04      4.77e-07       2.00e-04       1.27e-03    
      252            263        7.8268e-04      4.82e-07       2.00e-04       1.32e-03    
      253            264        7.8221e-04      4.74e-07       2.00e-04       1.27e-03    
      254            265        7.8173e-04      4.79e-07       2.00e-04       1.32e-03    
      255            266        7.8126e-04      4.71e-07       2.00e-04       1.27e-03    
      256            267        7.8078e-04      4.75e-07       2.00e-04       1.32e-03    
      257            268        7.8032e-04      4.67e-07       2.00e-04       1.27e-03    
      258            269        7.7984e-04      4.72e-07       2.00e-04       1.32e-03    
      259            270        7.7938e-04      4.64e-07       2.00e-04       1.27e-03    
      260            271        7.7891e-04      4.69e-07       2.00e-04       1.32e-03    
      261            272        7.7845e-04      4.61e-07       2.00e-04       1.27e-03    
      262            273        7.7798e-04      4.66e-07       2.00e-04       1.32e-03    
      263            274        7.7753e-04      4.57e-07       2.00e-04       1.27e-03    
      264            275        7.7706e-04      4.62e-07       2.00e-04       1.32e-03    
      265            276        7.7661e-04      4.54e-07       2.00e-04       1.26e-03    
      266            277        7.7615e-04      4.59e-07       2.00e-04       1.32e-03    
      267            278        7.7570e-04      4.51e-07       2.00e-04       1.26e-03    
      268            279        7.7524e-04      4.56e-07       2.00e-04       1.32e-03    
      269            280        7.7480e-04      4.48e-07       2.00e-04       1.26e-03    
      270            281        7.7434e-04      4.53e-07       2.00e-04       1.32e-03    
      271            282        7.7390e-04      4.45e-07       2.00e-04       1.26e-03    
      272            283        7.7345e-04      4.50e-07       2.00e-04       1.32e-03    
      273            284        7.7301e-04      4.41e-07       2.00e-04       1.26e-03    
      274            285        7.7256e-04      4.47e-07       2.00e-04       1.32e-03    
      275            286        7.7212e-04      4.38e-07       2.00e-04       1.26e-03    
      276            287        7.7168e-04      4.44e-07       2.00e-04       1.32e-03    
      277            288        7.7124e-04      4.35e-07       2.00e-04       1.26e-03    
      278            289        7.7080e-04      4.41e-07       2.00e-04       1.32e-03    
      279            290        7.7037e-04      4.32e-07       2.00e-04       1.26e-03    
      280            291        7.6993e-04      4.38e-07       2.00e-04       1.32e-03    
      281            292        7.6950e-04      4.29e-07       2.00e-04       1.25e-03    
      282            293        7.6907e-04      4.35e-07       2.00e-04       1.32e-03    
      283            294        7.6864e-04      4.26e-07       2.00e-04       1.25e-03    
      284            295        7.6821e-04      4.32e-07       2.00e-04       1.32e-03    
      285            296        7.6779e-04      4.23e-07       2.00e-04       1.25e-03    
      286            297        7.6736e-04      4.29e-07       2.00e-04       1.32e-03    
      287            298        7.6694e-04      4.21e-07       2.00e-04       1.25e-03    
      288            299        7.6651e-04      4.27e-07       2.00e-04       1.32e-03    
      289            300        7.6609e-04      4.17e-07       2.00e-04       1.24e-03    
      290            301        7.6567e-04      4.24e-07       2.00e-04       1.31e-03    
      291            302        7.6525e-04      4.15e-07       2.00e-04       1.25e-03    
      292            303        7.6483e-04      4.21e-07       2.00e-04       1.31e-03    
      293            304        7.6442e-04      4.12e-07       2.00e-04       1.24e-03    
      294            305        7.6400e-04      4.18e-07       2.00e-04       1.31e-03    
      295            306        7.6359e-04      4.09e-07       2.00e-04       1.24e-03    
      296            307        7.6318e-04      4.16e-07       2.00e-04       1.31e-03    
      297            308        7.6277e-04      4.07e-07       2.00e-04       1.24e-03    
      298            309        7.6236e-04      4.13e-07       2.00e-04       1.31e-03    
      299            310        7.6195e-04      4.04e-07       2.00e-04       1.24e-03    
      300            311        7.6154e-04      4.10e-07       2.00e-04       1.31e-03    
      301            312        7.6114e-04      4.01e-07       2.00e-04       1.24e-03    
      302            313        7.6073e-04      4.08e-07       2.00e-04       1.31e-03    
      303            314        7.6034e-04      3.99e-07       2.00e-04       1.23e-03    
      304            315        7.5993e-04      4.05e-07       2.00e-04       1.31e-03    
      305            316        7.5954e-04      3.96e-07       2.00e-04       1.23e-03    
      306            317        7.5913e-04      4.03e-07       2.00e-04       1.31e-03    
      307            318        7.5874e-04      3.93e-07       2.00e-04       1.23e-03    
      308            319        7.5834e-04      4.00e-07       2.00e-04       1.31e-03    
      309            320        7.5795e-04      3.91e-07       2.00e-04       1.23e-03    
      310            321        7.5755e-04      3.97e-07       2.00e-04       1.31e-03    
      311            322        7.5716e-04      3.89e-07       2.00e-04       1.23e-03    
      312            323        7.5677e-04      3.95e-07       2.00e-04       1.31e-03    
      313            324        7.5638e-04      3.86e-07       2.00e-04       1.23e-03    
      314            325        7.5599e-04      3.93e-07       2.00e-04       1.30e-03    
      315            326        7.5561e-04      3.83e-07       2.00e-04       1.23e-03    
      316            327        7.5522e-04      3.90e-07       2.00e-04       1.30e-03    
      317            328        7.5483e-04      3.81e-07       2.00e-04       1.22e-03    
      318            329        7.5445e-04      3.88e-07       2.00e-04       1.30e-03    
      319            330        7.5407e-04      3.79e-07       2.00e-04       1.22e-03    
      320            331        7.5368e-04      3.86e-07       2.00e-04       1.30e-03    
      321            332        7.5331e-04      3.76e-07       2.00e-04       1.22e-03    
      322            333        7.5292e-04      3.83e-07       2.00e-04       1.30e-03    
      323            334        7.5255e-04      3.74e-07       2.00e-04       1.22e-03    
      324            335        7.5217e-04      3.81e-07       2.00e-04       1.30e-03    
      325            336        7.5180e-04      3.72e-07       2.00e-04       1.22e-03    
      326            337        7.5142e-04      3.79e-07       2.00e-04       1.30e-03    
      327            338        7.5105e-04      3.69e-07       2.00e-04       1.22e-03    
      328            339        7.5067e-04      3.77e-07       2.00e-04       1.30e-03    
      329            340        7.5030e-04      3.67e-07       2.00e-04       1.22e-03    
      330            341        7.4993e-04      3.74e-07       2.00e-04       1.30e-03    
      331            342        7.4956e-04      3.65e-07       2.00e-04       1.21e-03    
      332            343        7.4919e-04      3.72e-07       2.00e-04       1.29e-03    
      333            344        7.4883e-04      3.63e-07       2.00e-04       1.21e-03    
      334            345        7.4846e-04      3.70e-07       2.00e-04       1.29e-03    
      335            346        7.4810e-04      3.60e-07       2.00e-04       1.21e-03    
      336            347        7.4773e-04      3.68e-07       2.00e-04       1.29e-03    
      337            348        7.4737e-04      3.58e-07       2.00e-04       1.21e-03    
      338            349        7.4701e-04      3.66e-07       2.00e-04       1.29e-03    
      339            350        7.4665e-04      3.56e-07       2.00e-04       1.21e-03    
      340            351        7.4629e-04      3.64e-07       2.00e-04       1.29e-03    
      341            352        7.4593e-04      3.54e-07       2.00e-04       1.21e-03    
      342            353        7.4557e-04      3.61e-07       2.00e-04       1.29e-03    
      343            354        7.4522e-04      3.51e-07       2.00e-04       1.21e-03    
      344            355        7.4486e-04      3.58e-07       2.00e-04       1.29e-03    
      345            356        7.4452e-04      3.47e-07       2.00e-04       1.21e-03    
      346            357        7.4416e-04      3.55e-07       2.00e-04       1.29e-03    
      347            358        7.4382e-04      3.44e-07       2.00e-04       1.21e-03    
      348            359        7.4347e-04      3.52e-07       2.00e-04       1.29e-03    
      349            360        7.4312e-04      3.41e-07       2.00e-04       1.20e-03    
      350            361        7.4278e-04      3.49e-07       2.00e-04       1.29e-03    
      351            362        7.4244e-04      3.38e-07       2.00e-04       1.20e-03    
      352            363        7.4209e-04      3.46e-07       2.00e-04       1.29e-03    
      353            364        7.4176e-04      3.36e-07       2.00e-04       1.20e-03    
      354            365        7.4141e-04      3.44e-07       2.00e-04       1.29e-03    
      355            366        7.4108e-04      3.33e-07       2.00e-04       1.20e-03    
      356            367        7.4074e-04      3.41e-07       2.00e-04       1.29e-03    
      357            368        7.4041e-04      3.31e-07       2.00e-04       1.16e-03    
      358            369        7.4004e-04      3.70e-07       2.00e-04       1.29e-03    
      359            370        7.3971e-04      3.28e-07       2.00e-04       1.18e-03    
      360            371        7.3936e-04      3.49e-07       2.00e-04       1.28e-03    
      361            372        7.3903e-04      3.27e-07       2.00e-04       1.18e-03    
      362            373        7.3869e-04      3.41e-07       2.00e-04       1.28e-03    
      363            374        7.3837e-04      3.25e-07       2.00e-04       1.18e-03    
      364            375        7.3803e-04      3.36e-07       2.00e-04       1.27e-03    
      365            376        7.3771e-04      3.23e-07       2.00e-04       1.18e-03    
      366            377        7.3738e-04      3.33e-07       2.00e-04       1.27e-03    
      367            378        7.3705e-04      3.21e-07       2.00e-04       1.18e-03    
      368            379        7.3672e-04      3.30e-07       2.00e-04       1.27e-03    
      369            380        7.3641e-04      3.18e-07       2.00e-04       1.18e-03    
      370            381        7.3608e-04      3.28e-07       2.00e-04       1.27e-03    
      371            382        7.3576e-04      3.16e-07       2.00e-04       1.18e-03    
      372            383        7.3544e-04      3.26e-07       2.00e-04       1.27e-03    
      373            384        7.3512e-04      3.14e-07       2.00e-04       1.17e-03    
      374            385        7.3480e-04      3.24e-07       2.00e-04       1.27e-03    
      375            386        7.3449e-04      3.12e-07       2.00e-04       1.17e-03    
      376            387        7.3416e-04      3.21e-07       2.00e-04       1.27e-03    
      377            388        7.3385e-04      3.10e-07       2.00e-04       1.17e-03    
      378            389        7.3354e-04      3.19e-07       2.00e-04       1.27e-03    
      379            390        7.3323e-04      3.08e-07       2.00e-04       1.17e-03    
      380            391        7.3291e-04      3.18e-07       2.00e-04       1.27e-03    
      381            392        7.3260e-04      3.07e-07       2.00e-04       1.17e-03    
      382            393        7.3229e-04      3.16e-07       2.00e-04       1.27e-03    
      383            394        7.3198e-04      3.05e-07       2.00e-04       1.17e-03    
      384            395        7.3167e-04      3.14e-07       2.00e-04       1.27e-03    
      385            396        7.3136e-04      3.03e-07       2.00e-04       1.17e-03    
      386            397        7.3105e-04      3.12e-07       2.00e-04       1.27e-03    
      387            398        7.3075e-04      3.01e-07       2.00e-04       1.17e-03    
      388            399        7.3044e-04      3.11e-07       2.00e-04       1.27e-03    
      389            400        7.3014e-04      3.00e-07       2.00e-04       1.17e-03    
      390            401        7.2989e-04      2.51e-07       5.01e-05       8.60e-04    
      391            402        7.2962e-04      2.70e-07       1.00e-04       6.66e-04    
      392            403        7.2934e-04      2.80e-07       1.00e-04       7.13e-04    
      393            404        7.2884e-04      4.99e-07       2.00e-04       9.01e-04    
      394            406        7.2857e-04      2.73e-07       1.00e-04       7.49e-04    
      395            407        7.2829e-04      2.79e-07       1.00e-04       6.21e-04    
      396            408        7.2779e-04      4.98e-07       2.00e-04       9.00e-04    
      397            410        7.2752e-04      2.71e-07       1.00e-04       6.62e-04    
      398            411        7.2724e-04      2.78e-07       1.00e-04       7.10e-04    
      399            412        7.2675e-04      4.92e-07       2.00e-04       8.98e-04    
      400            414        7.2648e-04      2.70e-07       1.00e-04       7.47e-04    
      401            415        7.2621e-04      2.76e-07       1.00e-04       6.20e-04    
      402            416        7.2572e-04      4.88e-07       2.00e-04       9.04e-04    
      403            418        7.2545e-04      2.70e-07       1.00e-04       6.62e-04    
      404            419        7.2517e-04      2.75e-07       1.00e-04       7.07e-04    
      405            420        7.2469e-04      4.82e-07       2.00e-04       9.04e-04    
      406            422        7.2442e-04      2.69e-07       1.00e-04       7.43e-04    
      407            423        7.2415e-04      2.73e-07       1.00e-04       6.18e-04    
      408            424        7.2367e-04      4.79e-07       2.00e-04       9.07e-04    
      409            426        7.2340e-04      2.68e-07       1.00e-04       6.59e-04    
      410            427        7.2313e-04      2.72e-07       1.00e-04       7.05e-04    
      411            428        7.2266e-04      4.74e-07       2.00e-04       9.06e-04    
      412            430        7.2239e-04      2.68e-07       1.00e-04       7.39e-04    
      413            431        7.2212e-04      2.70e-07       1.00e-04       6.15e-04    
      414            432        7.2165e-04      4.69e-07       2.00e-04       9.09e-04    
      415            434        7.2138e-04      2.67e-07       1.00e-04       6.58e-04    
      416            435        7.2111e-04      2.69e-07       1.00e-04       7.02e-04    
      417            436        7.2065e-04      4.65e-07       2.00e-04       9.10e-04    
      418            437        7.2044e-04      2.08e-07       2.00e-04       1.17e-03    
      419            438        7.2018e-04      2.63e-07       5.01e-05       8.66e-04    
      420            439        7.1992e-04      2.60e-07       1.00e-04       6.66e-04    
      421            440        7.1965e-04      2.66e-07       1.00e-04       7.03e-04    
      422            441        7.1920e-04      4.51e-07       2.00e-04       9.29e-04    
      423            442        7.1900e-04      1.97e-07       2.00e-04       1.18e-03    
      424            443        7.1874e-04      2.65e-07       5.01e-05       8.69e-04    
      425            444        7.1848e-04      2.59e-07       1.00e-04       6.65e-04    
      426            445        7.1822e-04      2.64e-07       1.00e-04       7.01e-04    
      427            446        7.1777e-04      4.44e-07       2.00e-04       9.31e-04    
      428            447        7.1758e-04      1.90e-07       2.00e-04       1.18e-03    
      429            448        7.1732e-04      2.66e-07       5.01e-05       8.68e-04    
      430            449        7.1706e-04      2.58e-07       1.00e-04       6.64e-04    
      431            450        7.1680e-04      2.62e-07       1.00e-04       7.00e-04    
      432            451        7.1636e-04      4.37e-07       2.00e-04       9.35e-04    
      433            452        7.1618e-04      1.83e-07       2.00e-04       1.18e-03    
      434            453        7.1591e-04      2.67e-07       5.01e-05       8.68e-04    
      435            454        7.1565e-04      2.56e-07       1.00e-04       6.62e-04    
      436            455        7.1539e-04      2.60e-07       1.00e-04       6.99e-04    
      437            456        7.1496e-04      4.30e-07       2.00e-04       9.39e-04    
      438            457        7.1479e-04      1.77e-07       2.00e-04       1.18e-03    
      439            458        7.1452e-04      2.68e-07       5.01e-05       8.68e-04    
      440            459        7.1426e-04      2.55e-07       1.00e-04       6.60e-04    
      441            460        7.1401e-04      2.58e-07       1.00e-04       6.98e-04    
      442            461        7.1358e-04      4.22e-07       2.00e-04       9.44e-04    
      443            462        7.1341e-04      1.71e-07       2.00e-04       1.18e-03    
      444            463        7.1315e-04      2.68e-07       5.01e-05       8.67e-04    
      445            464        7.1289e-04      2.54e-07       1.00e-04       6.59e-04    
      446            465        7.1264e-04      2.56e-07       1.00e-04       6.97e-04    
      447            466        7.1222e-04      4.15e-07       2.00e-04       9.48e-04    
      448            467        7.1205e-04      1.66e-07       2.00e-04       1.18e-03    
      449            468        7.1179e-04      2.69e-07       5.01e-05       8.67e-04    
      450            469        7.1153e-04      2.52e-07       1.00e-04       6.57e-04    
      451            470        7.1128e-04      2.54e-07       1.00e-04       6.96e-04    
      452            471        7.1087e-04      4.08e-07       2.00e-04       9.52e-04    
      453            472        7.1071e-04      1.61e-07       2.00e-04       1.19e-03    
      454            473        7.1044e-04      2.70e-07       5.01e-05       8.66e-04    
      455            474        7.1019e-04      2.51e-07       1.00e-04       6.55e-04    
      456            475        7.0994e-04      2.52e-07       1.00e-04       6.95e-04    
      457            476        7.0954e-04      4.01e-07       2.00e-04       9.57e-04    
      458            477        7.0938e-04      1.56e-07       2.00e-04       1.19e-03    
      459            478        7.0911e-04      2.70e-07       5.01e-05       8.65e-04    
      460            479        7.0886e-04      2.50e-07       1.00e-04       6.54e-04    
      461            480        7.0861e-04      2.50e-07       1.00e-04       6.95e-04    
      462            481        7.0822e-04      3.94e-07       2.00e-04       9.62e-04    
      463            482        7.0807e-04      1.52e-07       2.00e-04       1.19e-03    
      464            483        7.0780e-04      2.70e-07       5.01e-05       8.64e-04    
      465            484        7.0755e-04      2.48e-07       1.00e-04       6.52e-04    
      466            485        7.0730e-04      2.48e-07       1.00e-04       6.94e-04    
      467            486        7.0691e-04      3.86e-07       2.00e-04       9.67e-04    
      468            487        7.0677e-04      1.48e-07       2.00e-04       1.19e-03    
      469            488        7.0650e-04      2.71e-07       5.01e-05       8.62e-04    
      470            489        7.0625e-04      2.47e-07       1.00e-04       6.50e-04    
      471            490        7.0600e-04      2.46e-07       1.00e-04       6.93e-04    
      472            491        7.0562e-04      3.79e-07       2.00e-04       9.72e-04    
      473            492        7.0548e-04      1.45e-07       2.00e-04       1.19e-03    
      474            493        7.0521e-04      2.71e-07       5.01e-05       8.61e-04    
      475            494        7.0496e-04      2.45e-07       1.00e-04       6.48e-04    
      476            495        7.0472e-04      2.44e-07       1.00e-04       6.93e-04    
      477            496        7.0435e-04      3.71e-07       2.00e-04       9.77e-04    
      478            497        7.0421e-04      1.41e-07       2.00e-04       1.19e-03    
      479            498        7.0393e-04      2.71e-07       5.01e-05       8.60e-04    
      480            499        7.0369e-04      2.44e-07       1.00e-04       6.47e-04    
      481            500        7.0345e-04      2.42e-07       1.00e-04       6.93e-04    
The maximum number of function evaluations is exceeded.
Function evaluations 500, initial cost 4.8051e-02, final cost 7.0345e-04, first-order optimality 6.93e-04.
Final stage-2 objective JF=1.817942e-04
Final manifold objective J_maniopt=4.156364e-01
--------------------------------------------------------------------------
prterun has exited due to process rank 9 with PID 21456 on node dynamic-oit-ip4-wifirestricted04-10-50-212-27 exiting
improperly. There are three reasons this could occur:

1. this process did not call "init" before exiting, but others in the
job did. This can cause a job to hang indefinitely while it waits for
all processes to call "init". By rule, if one process calls "init",
then ALL processes must call "init" prior to termination.

2. this process called "init", but exited without calling "finalize".
By rule, all processes that call "init" MUST call "finalize" prior to
exiting or it will be considered an "abnormal termination"

3. this process called "MPI_Abort" or "prte_abort" and the mca
parameter prte_create_session_dirs is set to false. In this case, the
run-time cannot detect that the abort call was an abnormal
termination. Hence, the only error message you will receive is this
one.

This may have caused other processes in the application to be
terminated by signals sent by prterun (as reported here).

You can avoid this message by specifying -quiet on the prterun command
line.
--------------------------------------------------------------------------