     rank_world,   nprocs_world,          group,        ngroups,    rank_groups,  nprocs_groups,   rank_leaders, nprocs_leaders
              0,              1,              0,              1,              0,              1,              0,              1
     rank_world,   nprocs_world,          group,        ngroups,    rank_groups,  nprocs_groups,   rank_leaders, nprocs_leaders
              0,              1,              0,              1,              0,              1,              0,              1
lower bounds: [ 1.00000000e-03  1.00000000e-03  1.00000000e-03  0.00000000e+00
  1.00000000e-03  1.00000000e-03  1.00000000e-03  1.00000000e-03
  7.85398163e-01  2.35619449e+00  3.92699082e+00  1.00000000e-03
  1.00000000e-03  1.00000000e-03  1.00000000e-03  7.85398163e-01
  2.35619449e+00  3.92699082e+00  1.00000000e-03  1.00000000e-03
  1.00000000e-03  1.00000000e-03  7.85398163e-01  2.35619449e+00
  3.92699082e+00  1.00000000e-03  1.00000000e-03  1.00000000e-03
  0.00000000e+00  1.00000000e+00  1.00000000e+00 -4.00000000e-01
  3.92699082e-01]
upper bounds: [0.8        0.8        0.8        3.14159265 0.8        0.8
 0.8        0.8        2.35619449 3.92699082 5.49778714 0.8
 0.8        0.8        0.8        2.35619449 3.92699082 5.49778714
 0.8        0.8        0.8        0.8        2.35619449 3.92699082
 5.49778714 0.8        0.8        0.8        3.14159265 2.
 2.         0.         1.17809725]
/Users/issraali/codes/simsopt/examples/3_Advanced/batch_feval_eps/eps_eff6.py:337: RuntimeWarning: divide by zero encountered in matmul
  B_coarse = bmnc @ np.cos(angle)
/Users/issraali/codes/simsopt/examples/3_Advanced/batch_feval_eps/eps_eff6.py:337: RuntimeWarning: overflow encountered in matmul
  B_coarse = bmnc @ np.cos(angle)
/Users/issraali/codes/simsopt/examples/3_Advanced/batch_feval_eps/eps_eff6.py:337: RuntimeWarning: invalid value encountered in matmul
  B_coarse = bmnc @ np.cos(angle)
/Users/issraali/codes/simsopt/examples/3_Advanced/batch_feval_eps/eps_eff6.py:243: RuntimeWarning: divide by zero encountered in matmul
  B = bmnc @ cos_a
/Users/issraali/codes/simsopt/examples/3_Advanced/batch_feval_eps/eps_eff6.py:243: RuntimeWarning: overflow encountered in matmul
  B = bmnc @ cos_a
/Users/issraali/codes/simsopt/examples/3_Advanced/batch_feval_eps/eps_eff6.py:243: RuntimeWarning: invalid value encountered in matmul
  B = bmnc @ cos_a
/Users/issraali/codes/simsopt/examples/3_Advanced/batch_feval_eps/eps_eff6.py:244: RuntimeWarning: divide by zero encountered in matmul
  dBdz_fl = -(miot_minus_n * bmnc) @ sin_a
/Users/issraali/codes/simsopt/examples/3_Advanced/batch_feval_eps/eps_eff6.py:244: RuntimeWarning: overflow encountered in matmul
  dBdz_fl = -(miot_minus_n * bmnc) @ sin_a
/Users/issraali/codes/simsopt/examples/3_Advanced/batch_feval_eps/eps_eff6.py:244: RuntimeWarning: invalid value encountered in matmul
  dBdz_fl = -(miot_minus_n * bmnc) @ sin_a
/Users/issraali/codes/simsopt/examples/3_Advanced/batch_feval_eps/eps_eff6.py:246: RuntimeWarning: divide by zero encountered in matmul
  dBda = -(xm * bmnc) @ sin_a
/Users/issraali/codes/simsopt/examples/3_Advanced/batch_feval_eps/eps_eff6.py:246: RuntimeWarning: overflow encountered in matmul
  dBda = -(xm * bmnc) @ sin_a
/Users/issraali/codes/simsopt/examples/3_Advanced/batch_feval_eps/eps_eff6.py:246: RuntimeWarning: invalid value encountered in matmul
  dBda = -(xm * bmnc) @ sin_a
batch complete. 
batch complete. 
